{
  "owner": "",
  "name": "test",
  "tables": [
    {
      "name": "user"
    },
    {
      "name": "order"
    }
  ]
}