{
  "owner": "",
  "name": "demo",
  "tables": [
    {
      "name": "user",
      "columns": [
        {
          "name": "name",
          "type": 102
        },
        {
          "name": "age",
          "type": 103
        },
        {
          "name": "email",
          "type": 102
        }
      ]
    }
  ],
  "actions": [
    {
      "name": "create_user",
      "public": true,
      "inputs": [
        "$name",
        "$age"
      ],
      "statements": [
        "insert into user( name , age ) values ( $name , $age )"
      ]
    }
  ]
}